// Jest Snapshot v1, https://goo.gl/fbAQLP

exports[`Loader Component Should render correctly 1`] = `
<div>
  <div
    class="loader"
  >
    <div />
    <div />
  </div>
</div>
`;
