// Jest Snapshot v1, https://goo.gl/fbAQLP

exports[`Title Component Should render correctly 1`] = `
<div>
  <h2
    class="text-white"
  >
    <span
      class="font-semibold text-xl"
    >
      New York
    </span>
    <span
      class="text-md"
    >
      , 
      USA
    </span>
  </h2>
</div>
`;
